// Jest Snapshot v1, https://goo.gl/fbAQLP

exports[`vamos a probar el <LoginScreen /> debe hacer match con el snapshot 1`] = `
<div
  className="container mt-5"
>
  <h1>
    Login Screen
  </h1>
  <hr />
  <button
    className="btn btn-primary"
    onClick={[Function]}
  >
    Login
  </button>
</div>
`;
