// Jest Snapshot v1, https://goo.gl/fbAQLP

exports[`vamos a probar el <DcScreen /> debe hacer match con el snapshot 1`] = `
<div>
  <h1>
    DC Screen
  </h1>
  <hr />
  <HeroList
    publisher="DC Comics"
  />
</div>
`;
